/opt/npad/shared/compilers/nvidia_hpc_sdk/24.11/Linux_x86_64/24.11/compilers/bin/nvc
gpunode1.npad.internal
Architecture:        x86_64
CPU op-mode(s):      32-bit, 64-bit
Byte Order:          Little Endian
CPU(s):              64
On-line CPU(s) list: 0-63
Thread(s) per core:  2
Core(s) per socket:  16
Socket(s):           2
NUMA node(s):        2
Vendor ID:           GenuineIntel
CPU family:          6
Model:               79
Model name:          Intel(R) Xeon(R) CPU E5-2683 v4 @ 2.10GHz
Stepping:            1
CPU MHz:             2603.873
CPU max MHz:         3000.0000
CPU min MHz:         1200.0000
BogoMIPS:            4200.02
Virtualization:      VT-x
L1d cache:           32K
L1i cache:           32K
L2 cache:            256K
L3 cache:            40960K
NUMA node0 CPU(s):   0-15,32-47
NUMA node1 CPU(s):   16-31,48-63
Flags:               fpu vme de pse tsc msr pae mce cx8 apic sep mtrr pge mca cmov pat pse36 clflush dts acpi mmx fxsr sse sse2 ss ht tm pbe syscall nx pdpe1gb rdtscp lm constant_tsc arch_perfmon pebs bts rep_good nopl xtopology nonstop_tsc cpuid aperfmperf pni pclmulqdq dtes64 monitor ds_cpl vmx smx est tm2 ssse3 sdbg fma cx16 xtpr pdcm pcid dca sse4_1 sse4_2 x2apic movbe popcnt tsc_deadline_timer aes xsave avx f16c rdrand lahf_lm abm 3dnowprefetch cpuid_fault epb cat_l3 cdp_l3 invpcid_single pti intel_ppin ibrs ibpb stibp tpr_shadow vnmi flexpriority ept vpid ept_ad fsgsbase tsc_adjust bmi1 hle avx2 smep bmi2 erms invpcid rtm cqm rdt_a rdseed adx smap intel_pt xsaveopt cqm_llc cqm_occup_llc cqm_mbm_total cqm_mbm_local dtherm ida arat pln pts
Thu Oct  1 19:36:14 2026       
+-----------------------------------------------------------------------------------------+
| NVIDIA-SMI 560.35.03              Driver Version: 560.35.03      CUDA Version: 12.6     |
|-----------------------------------------+------------------------+----------------------+
| GPU  Name                 Persistence-M | Bus-Id          Disp.A | Volatile Uncorr. ECC |
| Fan  Temp   Perf          Pwr:Usage/Cap |           Memory-Usage | GPU-Util  Compute M. |
|                                         |                        |               MIG M. |
|=========================================+========================+======================|
|   0  Tesla V100-SXM2-16GB           Off |   00000000:86:00.0 Off |                    0 |
| N/A   26C    P0             39W /  300W |       1MiB /  16384MiB |      0%      Default |
|                                         |                        |                  N/A |
+-----------------------------------------+------------------------+----------------------+
                                                                                         
+-----------------------------------------------------------------------------------------+
| Processes:                                                                              |
|  GPU   GI   CI        PID   Type   Process name                              GPU Memory |
|        ID   ID                                                               Usage      |
|=========================================================================================|
|  No running processes found                                                             |
+-----------------------------------------------------------------------------------------+
WARNING: infoROM is corrupted at gpu 0000:86:00.0
Aviso: nvidia-smi retornou erro; a execucao GPU sera verificada pelo programa.

nvc 24.11-0 64-bit target on x86-64 Linux -tp broadwell 
NVIDIA Compilers and Tools
Copyright (c) 2024, NVIDIA CORPORATION & AFFILIATES.  All rights reserved.
ef12ff0a1c4c08a3f1b1b126e367ee8c6dddbc40b7cec76dd85c0ab6b3ad89fb  vadd_cpu.c
72d40058f5f3e90ffeabd9a6187049dcaf2108881de7b0384e376594fe4fec15  vadd_gpu.c
main:
     28, #omp target
         28, Generating "nvkernel_main_F1L28_2" GPU kernel
     28, Generating map(from:no_host) 
     40, #omp parallel
     48, #omp target teams loop
         48, Generating "nvkernel_main_F1L48_5" GPU kernel
             Generating NVIDIA GPU code
           52, Loop parallelized across teams, threads(128) /* blockIdx.x threadIdx.x */
         48, Generating Multicore code
           52, Loop parallelized across threads
     48, Generating implicit map(tofrom:c[:],b[:],a[:]) 
     61, #omp parallel
         61, Generating reduction(+:err)
Repeticao 1 CPU; threads=8
 vectors added with 0 errors
Init time:    0.021554s
Compute time: 0.003680s
Test time:    0.002175s
Total time:   0.027409s
Repeticao 1 GPU
Dispositivos OpenMP: 1; target executou na GPU
 vectors added with 0 errors
Init time:    0.020607s
Compute time: 0.042573s
Test time:    0.002425s
Total time:   0.065604s
Repeticao 2 CPU; threads=8
 vectors added with 0 errors
Init time:    0.019240s
Compute time: 0.003531s
Test time:    0.002006s
Total time:   0.024777s
Repeticao 2 GPU
Dispositivos OpenMP: 1; target executou na GPU
 vectors added with 0 errors
Init time:    0.021486s
Compute time: 0.041005s
Test time:    0.002762s
Total time:   0.065252s
Repeticao 3 CPU; threads=8
 vectors added with 0 errors
Init time:    0.020963s
Compute time: 0.003840s
Test time:    0.002179s
Total time:   0.026981s
Repeticao 3 GPU
Dispositivos OpenMP: 1; target executou na GPU
 vectors added with 0 errors
Init time:    0.019745s
Compute time: 0.040269s
Test time:    0.001985s
Total time:   0.061999s
Repeticao 4 CPU; threads=8
 vectors added with 0 errors
Init time:    0.021225s
Compute time: 0.003558s
Test time:    0.001858s
Total time:   0.026641s
Repeticao 4 GPU
Dispositivos OpenMP: 1; target executou na GPU
 vectors added with 0 errors
Init time:    0.020564s
Compute time: 0.040329s
Test time:    0.002007s
Total time:   0.062900s
Repeticao 5 CPU; threads=8
 vectors added with 0 errors
Init time:    0.019797s
Compute time: 0.004575s
Test time:    0.002257s
Total time:   0.026629s
Repeticao 5 GPU
Dispositivos OpenMP: 1; target executou na GPU
 vectors added with 0 errors
Init time:    0.019405s
Compute time: 0.043563s
Test time:    0.001981s
Total time:   0.064948s
